\BOOKMARK [1][-]{section.1}{\376\377\000L\000e\000v\000a\000n\000t\000a\000m\000i\000e\000n\000t\000o\000\040\000P\000r\000e\000v\000i\000o}{}% 1
\BOOKMARK [2][-]{subsection.1.1}{\376\377\000D\000a\000t\000o\000s\000\040\000F\000i\000s\000c\000a\000l\000e\000s}{section.1}% 2
\BOOKMARK [2][-]{subsection.1.2}{\376\377\000O\000p\000e\000r\000a\000c\000i\000o\000n\000e\000s\000\040\000e\000n\000\040\000M\000o\000n\000e\000d\000a\000\040\000E\000x\000t\000r\000a\000n\000j\000e\000r\000a}{section.1}% 3
\BOOKMARK [2][-]{subsection.1.3}{\376\377\000E\000m\000i\000s\000i\000\363\000n\000\040\000d\000e\000\040\000F\000a\000c\000t\000u\000r\000a\000s}{section.1}% 4
\BOOKMARK [2][-]{subsection.1.4}{\376\377\000O\000p\000e\000r\000a\000c\000i\000o\000n\000e\000s\000\040\000C\000o\000m\000e\000r\000c\000i\000a\000l\000e\000s}{section.1}% 5
\BOOKMARK [2][-]{subsection.1.5}{\376\377\000R\000e\000q\000u\000e\000r\000i\000m\000i\000e\000n\000t\000o\000s\000\040\000A\000d\000i\000c\000i\000o\000n\000a\000l\000e\000s}{section.1}% 6
\BOOKMARK [2][-]{subsection.1.6}{\376\377\000D\000e\000t\000e\000r\000m\000i\000n\000a\000c\000i\000\363\000n\000\040\000d\000e\000l\000\040\000P\000e\000r\000f\000i\000l}{section.1}% 7
\BOOKMARK [1][-]{section.2}{\376\377\000P\000e\000r\000f\000i\000l\000e\000s\000\040\000d\000e\000\040\000E\000m\000p\000r\000e\000s\000a}{}% 8
\BOOKMARK [1][-]{section.3}{\376\377\000A\000p\000p\000s\000\040\000O\000d\000o\000o\000\040\000N\000a\000t\000i\000v\000a\000s\000\040\000R\000e\000q\000u\000e\000r\000i\000d\000a\000s}{}% 9
\BOOKMARK [1][-]{section.4}{\376\377\000I\000n\000s\000t\000a\000l\000a\000c\000i\000\363\000n\000\040\000p\000o\000r\000\040\000P\000e\000r\000f\000i\000l}{}% 10
\BOOKMARK [2][-]{subsection.4.1}{\376\377\000M\000\363\000d\000u\000l\000o\000s\000\040\000O\000p\000c\000i\000o\000n\000a\000l\000e\000s}{section.4}% 11
\BOOKMARK [1][-]{section.5}{\376\377\000C\000o\000n\000f\000i\000g\000u\000r\000a\000c\000i\000\363\000n\000\040\000P\000o\000s\000t\000-\000I\000n\000s\000t\000a\000l\000a\000c\000i\000\363\000n}{}% 12
\BOOKMARK [2][-]{subsection.5.1}{\376\377\000E\000m\000p\000r\000e\000s\000a}{section.5}% 13
\BOOKMARK [2][-]{subsection.5.2}{\376\377\000T\000i\000p\000o\000s\000\040\000d\000e\000\040\000C\000a\000m\000b\000i\000o}{section.5}% 14
\BOOKMARK [2][-]{subsection.5.3}{\376\377\000U\000n\000i\000d\000a\000d\000\040\000T\000r\000i\000b\000u\000t\000a\000r\000i\000a}{section.5}% 15
\BOOKMARK [2][-]{subsection.5.4}{\376\377\000D\000i\000a\000r\000i\000o\000s\000\040\000C\000o\000n\000t\000a\000b\000l\000e\000s}{section.5}% 16
\BOOKMARK [2][-]{subsection.5.5}{\376\377\000I\000m\000p\000u\000e\000s\000t\000o\000s}{section.5}% 17
\BOOKMARK [2][-]{subsection.5.6}{\376\377\000R\000e\000t\000e\000n\000c\000i\000o\000n\000e\000s\000\040\000\050\000P\000e\000r\000f\000i\000l\000e\000s\000\040\000B\000,\000\040\000C\000,\000\040\000D\000,\000\040\000E\000\051}{section.5}% 18
\BOOKMARK [2][-]{subsection.5.7}{\376\377\000C\000o\000n\000t\000a\000c\000t\000o\000s\000\040\000y\000\040\000P\000r\000o\000v\000e\000e\000d\000o\000r\000e\000s}{section.5}% 19
\BOOKMARK [2][-]{subsection.5.8}{\376\377\000I\000n\000v\000e\000n\000t\000a\000r\000i\000o\000\040\000\050\000P\000e\000r\000f\000i\000l\000e\000s\000\040\000C\000,\000\040\000D\000,\000\040\000E\000\051}{section.5}% 20
\BOOKMARK [2][-]{subsection.5.9}{\376\377\000P\000u\000n\000t\000o\000\040\000d\000e\000\040\000V\000e\000n\000t\000a\000\040\000\050\000P\000e\000r\000f\000i\000l\000e\000s\000\040\000D\000,\000\040\000E\000\051}{section.5}% 21
\BOOKMARK [2][-]{subsection.5.10}{\376\377\000M\000\341\000q\000u\000i\000n\000a\000\040\000F\000i\000s\000c\000a\000l\000\040\000\050\000P\000e\000r\000f\000i\000l\000\040\000E\000\051}{section.5}% 22
\BOOKMARK [1][-]{section.6}{\376\377\000C\000h\000e\000c\000k\000l\000i\000s\000t\000\040\000d\000e\000\040\000H\000o\000m\000o\000l\000o\000g\000a\000c\000i\000\363\000n\000\040\000S\000E\000N\000I\000A\000T}{}% 23
\BOOKMARK [2][-]{subsection.6.1}{\376\377\000R\000e\000q\000u\000i\000s\000i\000t\000o\000s\000\040\000d\000e\000\040\000l\000a\000\040\000F\000a\000c\000t\000u\000r\000a\000\040\000\050\000A\000r\000t\000.\000\040\0005\0007\000\040\000L\000e\000y\000\040\000I\000V\000A\000\040\000+\000\040\000P\000r\000o\000v\000i\000d\000e\000n\000c\000i\000a\000\040\0000\0000\0007\0001\000\051}{section.6}% 24
\BOOKMARK [2][-]{subsection.6.2}{\376\377\000C\000o\000m\000p\000r\000o\000b\000a\000n\000t\000e\000s\000\040\000d\000e\000\040\000R\000e\000t\000e\000n\000c\000i\000\363\000n\000\040\000\050\000C\000o\000n\000t\000r\000i\000b\000u\000y\000e\000n\000t\000e\000s\000\040\000E\000s\000p\000e\000c\000i\000a\000l\000e\000s\000\051}{section.6}% 25
\BOOKMARK [2][-]{subsection.6.3}{\376\377\000G\000u\000\355\000a\000\040\000d\000e\000\040\000D\000e\000s\000p\000a\000c\000h\000o}{section.6}% 26
\BOOKMARK [2][-]{subsection.6.4}{\376\377\000V\000a\000l\000i\000d\000a\000c\000i\000\363\000n\000\040\000d\000e\000\040\000R\000I\000F}{section.6}% 27
\BOOKMARK [2][-]{subsection.6.5}{\376\377\000C\000o\000n\000t\000r\000o\000l\000\040\000d\000e\000\040\000N\000u\000m\000e\000r\000a\000c\000i\000\363\000n}{section.6}% 28
\BOOKMARK [1][-]{section.7}{\376\377\000G\000o\000-\000L\000i\000v\000e\000\040\000C\000h\000e\000c\000k\000l\000i\000s\000t}{}% 29
\BOOKMARK [1][-]{section.8}{\376\377\000R\000e\000f\000e\000r\000e\000n\000c\000i\000a\000\040\000d\000e\000\040\000M\000\363\000d\000u\000l\000o\000s\000\040\000p\000o\000r\000\040\000C\000a\000p\000a}{}% 30
\BOOKMARK [2][-]{subsection.8.1}{\376\377\000C\000a\000p\000a\000\040\0000\000\040\040\024\000\040\000I\000n\000f\000r\000a\000e\000s\000t\000r\000u\000c\000t\000u\000r\000a\000\040\000B\000a\000s\000e}{section.8}% 31
\BOOKMARK [2][-]{subsection.8.2}{\376\377\000C\000a\000p\000a\000\040\0001\000\040\040\024\000\040\000D\000a\000t\000o\000s\000\040\000G\000e\000o\000g\000r\000\341\000f\000i\000c\000o\000s\000\040\000y\000\040\000C\000o\000n\000t\000a\000c\000t\000o\000s}{section.8}% 32
\BOOKMARK [2][-]{subsection.8.3}{\376\377\000C\000a\000p\000a\000\040\0002\000\040\040\024\000\040\000C\000o\000n\000t\000a\000b\000i\000l\000i\000d\000a\000d\000\040\000C\000o\000r\000e}{section.8}% 33
\BOOKMARK [2][-]{subsection.8.4}{\376\377\000C\000a\000p\000a\000\040\0003\000\040\040\024\000\040\000F\000a\000c\000t\000u\000r\000a\000c\000i\000\363\000n\000\040\000y\000\040\000S\000e\000c\000u\000e\000n\000c\000i\000a\000s}{section.8}% 34
\BOOKMARK [2][-]{subsection.8.5}{\376\377\000C\000a\000p\000a\000\040\0004\000\040\040\024\000\040\000R\000e\000t\000e\000n\000c\000i\000o\000n\000e\000s\000\040\000e\000\040\000I\000m\000p\000u\000e\000s\000t\000o\000s\000\040\000E\000s\000p\000e\000c\000i\000a\000l\000e\000s}{section.8}% 35
\BOOKMARK [2][-]{subsection.8.6}{\376\377\000C\000a\000p\000a\000\040\0005\000\040\040\024\000\040\000I\000n\000v\000e\000n\000t\000a\000r\000i\000o\000\040\000y\000\040\000L\000o\000g\000\355\000s\000t\000i\000c\000a}{section.8}% 36
\BOOKMARK [2][-]{subsection.8.7}{\376\377\000C\000a\000p\000a\000\040\0006\000\040\040\024\000\040\000V\000e\000n\000t\000a\000s\000,\000\040\000C\000o\000m\000p\000r\000a\000s\000\040\000y\000\040\000P\000O\000S}{section.8}% 37
\BOOKMARK [2][-]{subsection.8.8}{\376\377\000C\000a\000p\000a\000\040\0007\000\040\040\024\000\040\000M\000\341\000q\000u\000i\000n\000a\000s\000\040\000F\000i\000s\000c\000a\000l\000e\000s\000\040\000e\000\040\000I\000o\000T}{section.8}% 38
\BOOKMARK [2][-]{subsection.8.9}{\376\377\000C\000a\000p\000a\000\040\0008\000\040\040\024\000\040\000M\000\363\000d\000u\000l\000o\000s\000\040\000O\000p\000c\000i\000o\000n\000a\000l\000e\000s}{section.8}% 39
\BOOKMARK [1][-]{section.9}{\376\377\000\301\000r\000b\000o\000l\000\040\000d\000e\000\040\000D\000e\000p\000e\000n\000d\000e\000n\000c\000i\000a\000s}{}% 40
\BOOKMARK [1][-]{section.10}{\376\377\000C\000o\000b\000e\000r\000t\000u\000r\000a\000\040\000d\000e\000\040\000l\000a\000\040\000L\000o\000c\000a\000l\000i\000z\000a\000c\000i\000\363\000n}{}% 41
\BOOKMARK [1][-]{section.11}{\376\377\000C\000h\000e\000c\000k\000l\000i\000s\000t\000\040\000d\000e\000\040\000P\000r\000u\000e\000b\000a\000s\000\040\000p\000o\000r\000\040\000M\000\363\000d\000u\000l\000o}{}% 42
\BOOKMARK [2][-]{subsection.11.1}{\376\377\000P\000l\000a\000n\000\040\000d\000e\000\040\000c\000u\000e\000n\000t\000a\000s\000\040\000o\000f\000i\000c\000i\000a\000l\000\040\000O\000d\000o\000o\000\040\0001\0009\000\040\000\050\000l\0001\0000\000n\000\137\000v\000e\000\040\000c\000o\000r\000e\000\051}{section.11}% 43
\BOOKMARK [2][-]{subsection.11.2}{\376\377\000l\0001\0000\000n\000\137\000v\000e\000\137\000b\000a\000s\000e}{section.11}% 44
\BOOKMARK [2][-]{subsection.11.3}{\376\377\000l\0001\0000\000n\000\137\000v\000e\000\137\000r\000a\000t\000e}{section.11}% 45
\BOOKMARK [2][-]{subsection.11.4}{\376\377\000l\0001\0000\000n\000\137\000v\000e\000\137\000l\000o\000c\000a\000t\000i\000o\000n}{section.11}% 46
\BOOKMARK [2][-]{subsection.11.5}{\376\377\000l\0001\0000\000n\000\137\000v\000e\000\137\000c\000o\000n\000t\000a\000c\000t}{section.11}% 47
\BOOKMARK [2][-]{subsection.11.6}{\376\377\000o\000d\000\137\000j\000o\000u\000r\000n\000a\000l\000\137\000s\000e\000q\000u\000e\000n\000c\000e}{section.11}% 48
\BOOKMARK [2][-]{subsection.11.7}{\376\377\000l\0001\0000\000n\000\137\000v\000e\000\137\000a\000c\000c\000o\000u\000n\000t\000a\000n\000t}{section.11}% 49
\BOOKMARK [2][-]{subsection.11.8}{\376\377\000l\0001\0000\000n\000\137\000v\000e\000\137\000i\000n\000v\000o\000i\000c\000e}{section.11}% 50
\BOOKMARK [2][-]{subsection.11.9}{\376\377\000l\0001\0000\000n\000\137\000v\000e\000\137\000t\000a\000x\000\137\000p\000a\000y\000e\000r}{section.11}% 51
\BOOKMARK [2][-]{subsection.11.10}{\376\377\000l\0001\0000\000n\000\137\000v\000e\000\137\000p\000a\000y\000m\000e\000n\000t\000\137\000e\000x\000t\000e\000n\000s\000i\000o\000n}{section.11}% 52
\BOOKMARK [2][-]{subsection.11.11}{\376\377\000l\0001\0000\000n\000\137\000v\000e\000\137\000i\000g\000t\000f}{section.11}% 53
\BOOKMARK [2][-]{subsection.11.12}{\376\377\000l\0001\0000\000n\000\137\000v\000e\000\137\000f\000i\000l\000t\000e\000r\000\137\000p\000a\000r\000t\000n\000e\000r}{section.11}% 54
\BOOKMARK [2][-]{subsection.11.13}{\376\377\000l\0001\0000\000n\000\137\000v\000e\000\137\000s\000t\000o\000c\000k}{section.11}% 55
\BOOKMARK [2][-]{subsection.11.14}{\376\377\000l\0001\0000\000n\000\137\000v\000e\000\137\000s\000a\000l\000e}{section.11}% 56
\BOOKMARK [2][-]{subsection.11.15}{\376\377\000l\0001\0000\000n\000\137\000v\000e\000\137\000p\000u\000r\000c\000h\000a\000s\000e}{section.11}% 57
\BOOKMARK [2][-]{subsection.11.16}{\376\377\000l\0001\0000\000n\000\137\000v\000e\000\137\000s\000t\000o\000c\000k\000\137\000p\000u\000r\000c\000h\000a\000s\000e}{section.11}% 58
\BOOKMARK [2][-]{subsection.11.17}{\376\377\000l\0001\0000\000n\000\137\000v\000e\000\137\000s\000t\000o\000c\000k\000\137\000a\000c\000c\000o\000u\000n\000t}{section.11}% 59
\BOOKMARK [2][-]{subsection.11.18}{\376\377\000l\0001\0000\000n\000\137\000v\000e\000\137\000s\000t\000o\000c\000k\000\137\000r\000e\000p\000o\000r\000t\000s}{section.11}% 60
\BOOKMARK [2][-]{subsection.11.19}{\376\377\000l\0001\0000\000n\000\137\000v\000e\000\137\000p\000o\000s}{section.11}% 61
\BOOKMARK [2][-]{subsection.11.20}{\376\377\000l\0001\0000\000n\000\137\000v\000e\000\137\000p\000o\000s\000\137\000i\000g\000t\000f}{section.11}% 62
\BOOKMARK [2][-]{subsection.11.21}{\376\377\000a\000c\000c\000o\000u\000n\000t\000\137\000f\000i\000s\000c\000a\000l\000\137\000y\000e\000a\000r\000\137\000c\000l\000o\000s\000i\000n\000g}{section.11}% 63
\BOOKMARK [2][-]{subsection.11.22}{\376\377\000l\0001\0000\000n\000\137\000v\000e\000\137\000a\000c\000c\000o\000u\000n\000t\000\137\000f\000i\000s\000c\000a\000l\000y\000e\000a\000r\000\137\000c\000l\000o\000s\000i\000n\000g}{section.11}% 64
\BOOKMARK [2][-]{subsection.11.23}{\376\377\000l\0001\0000\000n\000\137\000v\000e\000\137\000f\000i\000s\000c\000a\000l\000\137\000l\000o\000c\000k\000\137\000d\000a\000y\000s}{section.11}% 65
\BOOKMARK [2][-]{subsection.11.24}{\376\377\000l\0001\0000\000n\000\137\000v\000e\000\137\000r\000e\000f\000\137\000b\000a\000n\000k}{section.11}% 66
\BOOKMARK [2][-]{subsection.11.25}{\376\377\000l\0001\0000\000n\000\137\000v\000e\000\137\000s\000u\000g\000g\000e\000s\000t\000e\000d\000\137\000a\000m\000o\000u\000n\000t}{section.11}% 67
\BOOKMARK [2][-]{subsection.11.26}{\376\377\000l\0001\0000\000n\000\137\000v\000e\000\137\000a\000u\000d\000i\000t\000l\000o\000g}{section.11}% 68
\BOOKMARK [2][-]{subsection.11.27}{\376\377\000l\0001\0000\000n\000\137\000v\000e\000\137\000d\000o\000n\000a\000t\000i\000o\000n}{section.11}% 69
\BOOKMARK [2][-]{subsection.11.28}{\376\377\000l\0001\0000\000n\000\137\000v\000e\000\137\000i\000o\000t\000\137\000m\000f\000\040\000\050\000r\000e\000q\000u\000i\000e\000r\000e\000\040\000h\000a\000r\000d\000w\000a\000r\000e\000\040\000T\000F\000H\000K\000A\000\051}{section.11}% 70
\BOOKMARK [2][-]{subsection.11.29}{\376\377\000l\0001\0000\000n\000\137\000v\000e\000\137\000i\000n\000v\000o\000i\000c\000e\000\137\000d\000i\000g\000i\000t\000a\000l\000\040\000\050\000r\000e\000q\000u\000i\000e\000r\000e\000\040\000l\0001\0000\000n\000\137\000v\000e\000\137\000i\000o\000t\000\137\000m\000f\000\051}{section.11}% 71
\BOOKMARK [2][-]{subsection.11.30}{\376\377\000l\0001\0000\000n\000\137\000v\000e\000\137\000p\000o\000s\000\137\000m\000f\000\040\000\050\000r\000e\000q\000u\000i\000e\000r\000e\000\040\000l\0001\0000\000n\000\137\000v\000e\000\137\000i\000o\000t\000\137\000m\000f\000\040\000+\000\040\000l\0001\0000\000n\000\137\000v\000e\000\137\000p\000o\000s\000\051}{section.11}% 72
